Watching for file changes with StatReloader
INFO 2026-02-01 09:40:54,973 autoreload 8868 2308 Watching for file changes with StatReloader
[01/Feb/2026 09:41:19] "GET / HTTP/1.1" 302 0
[01/Feb/2026 09:41:19] "GET /auth/login/ HTTP/1.1" 200 4422
[01/Feb/2026 09:46:40] "GET / HTTP/1.1" 200 7854
[01/Feb/2026 09:46:40] "GET /static/css/style.css HTTP/1.1" 304 0
[01/Feb/2026 09:46:40] "GET /static/js/main.js HTTP/1.1" 304 0
Not Found: /favicon.ico
WARNING 2026-02-01 09:46:41,380 log 8868 8624 Not Found: /favicon.ico
[01/Feb/2026 09:46:41] "GET /favicon.ico HTTP/1.1" 404 3282
[01/Feb/2026 09:46:49] "GET /billing/create/ HTTP/1.1" 200 12973
[01/Feb/2026 09:46:49] "GET /static/js/pos.js?v=3 HTTP/1.1" 304 0
[01/Feb/2026 09:47:22] "POST /billing/create/ HTTP/1.1" 302 0
[01/Feb/2026 09:47:23] "GET /billing/27/ HTTP/1.1" 200 12364
[01/Feb/2026 09:47:34] "GET / HTTP/1.1" 200 7860
[01/Feb/2026 09:47:39] "GET /products/create/ HTTP/1.1" 200 9641
[01/Feb/2026 09:47:57] "POST /products/create/ HTTP/1.1" 302 0
[01/Feb/2026 09:47:57] "GET /products/ HTTP/1.1" 200 17901
[01/Feb/2026 10:44:38] "GET / HTTP/1.1" 200 7860
[01/Feb/2026 10:44:41] "GET /billing/ HTTP/1.1" 200 18668
[01/Feb/2026 10:44:44] "GET / HTTP/1.1" 200 7860
[01/Feb/2026 10:44:47] "GET /billing/create/ HTTP/1.1" 200 13091
[01/Feb/2026 10:45:18] "GET / HTTP/1.1" 200 7860
[01/Feb/2026 10:45:24] "GET /products/ HTTP/1.1" 200 17550
[01/Feb/2026 10:45:27] "GET /products/13/ HTTP/1.1" 200 7811
[01/Feb/2026 10:45:33] "GET /products/ HTTP/1.1" 200 17550
[01/Feb/2026 10:45:36] "GET /products/13/ HTTP/1.1" 200 7811
[01/Feb/2026 10:45:40] "GET /products/ HTTP/1.1" 200 17550
[01/Feb/2026 10:45:42] "GET /products/13/update/ HTTP/1.1" 200 9450
[01/Feb/2026 10:46:45] "POST /products/13/update/ HTTP/1.1" 302 0
[01/Feb/2026 10:46:45] "GET /products/13/ HTTP/1.1" 200 8186
[01/Feb/2026 10:46:48] "GET /products/ HTTP/1.1" 200 17559
[01/Feb/2026 10:46:56] "GET /billing/ HTTP/1.1" 200 18668
[01/Feb/2026 10:46:57] "GET / HTTP/1.1" 200 7860
[01/Feb/2026 10:47:00] "GET /billing/create/ HTTP/1.1" 200 13118
[01/Feb/2026 10:48:05] "POST /billing/create/ HTTP/1.1" 302 0
[01/Feb/2026 10:48:05] "GET /billing/28/ HTTP/1.1" 200 10192
[01/Feb/2026 10:48:40] "GET / HTTP/1.1" 200 7860
[01/Feb/2026 10:50:17] "GET / HTTP/1.1" 200 7860
[01/Feb/2026 10:50:17] "GET /static/css/style.css HTTP/1.1" 304 0
[01/Feb/2026 10:50:17] "GET /static/js/main.js HTTP/1.1" 304 0
Not Found: /favicon.ico
WARNING 2026-02-01 10:50:18,091 log 8868 6000 Not Found: /favicon.ico
[01/Feb/2026 10:50:18] "GET /favicon.ico HTTP/1.1" 404 3282
